#-----------------------------------------------------------
# Vivado v2025.1 (64-bit)
# SW Build 6140274 on Thu May 22 00:12:29 MDT 2025
# IP Build 6138677 on Thu May 22 03:10:11 MDT 2025
# SharedData Build 6139179 on Tue May 20 17:58:58 MDT 2025
# Start of session at: Tue Jul 15 16:00:04 2025
# Process ID         : 11820
# Current directory  : D:/AMD/vivado-am2940-dma-generator/vivado_proj/am2940
# Command line       : vivado.exe -gui_launcher_event rodinguilauncherevent19128 D:\AMD\vivado-am2940-dma-generator\vivado_proj\am2940\am2940.xpr
# Log file           : D:/AMD/vivado-am2940-dma-generator/vivado_proj/am2940/vivado.log
# Journal file       : D:/AMD/vivado-am2940-dma-generator/vivado_proj/am2940\vivado.jou
# Running On         : ayvictus
# Platform           : Windows Server 2016 or Windows 10
# Operating System   : 26100
# Processor Detail   : AMD Ryzen 5 7640HS w/ Radeon 760M Graphics     
# CPU Frequency      : 4292 MHz
# CPU Physical cores : 6
# CPU Logical cores  : 12
# Host memory        : 33595 MB
# Swap memory        : 2147 MB
# Total Virtual      : 35742 MB
# Available Virtual  : 22797 MB
#-----------------------------------------------------------
start_gui
open_project D:/AMD/vivado-am2940-dma-generator/vivado_proj/am2940/am2940.xpr
update_compile_order -fileset sources_1
tclapp::refresh_catalog
